This is pdfTeX, Version 3.141592653-2.6-1.40.29 (TeX Live 2026) (preloaded format=pdflatex 2026.3.22)  24 AUG 2026 12:23
entering extended mode
 restricted \write18 enabled.
 file:line:error style messages enabled.
 %&-line parsing enabled.
**main.tex
(./main.tex
LaTeX2e <2025-11-01>
L3 programming layer <2026-01-19>
(/usr/local/texlive/2026/texmf-dist/tex/latex/base/article.cls
Document Class: article 2025/01/22 v1.4n Standard LaTeX document class
(/usr/local/texlive/2026/texmf-dist/tex/latex/base/size10.clo
File: size10.clo 2025/01/22 v1.4n Standard LaTeX file (size option)
)
\c@part=\count275
\c@section=\count276
\c@subsection=\count277
\c@subsubsection=\count278
\c@paragraph=\count279
\c@subparagraph=\count280
\c@figure=\count281
\c@table=\count282
\abovecaptionskip=\skip49
\belowcaptionskip=\skip50
\bibindent=\dimen148
) (./tmlr.sty (/usr/local/texlive/2026/texmf-dist/tex/latex/eso-pic/eso-pic.sty
Package: eso-pic 2025/12/10 v3.0d eso-pic (RN)
\ESO@tempdima=\dimen149
\ESO@tempdimb=\dimen150
 (/usr/local/texlive/2026/texmf-dist/tex/latex/graphics/keyval.sty
Package: keyval 2022/05/29 v1.15 key=value parser (DPC)
\KV@toks@=\toks17
) (/usr/local/texlive/2026/texmf-dist/tex/latex/xcolor/xcolor.sty
Package: xcolor 2024/09/29 v3.02 LaTeX color extensions (UK)
 (/usr/local/texlive/2026/texmf-dist/tex/latex/graphics-cfg/color.cfg
File: color.cfg 2016/01/02 v1.6 sample color configuration
)
Package xcolor Info: Driver file: pdftex.def on input line 274.
 (/usr/local/texlive/2026/texmf-dist/tex/latex/graphics-def/pdftex.def
File: pdftex.def 2025/09/29 v1.2d Graphics/color driver for pdftex
) (/usr/local/texlive/2026/texmf-dist/tex/latex/graphics/mathcolor.ltx)
Package xcolor Info: Model `cmy' substituted by `cmy0' on input line 1349.
Package xcolor Info: Model `hsb' substituted by `rgb' on input line 1353.
Package xcolor Info: Model `RGB' extended on input line 1365.
Package xcolor Info: Model `HTML' substituted by `rgb' on input line 1367.
Package xcolor Info: Model `Hsb' substituted by `hsb' on input line 1368.
Package xcolor Info: Model `tHsb' substituted by `hsb' on input line 1369.
Package xcolor Info: Model `HSB' substituted by `hsb' on input line 1370.
Package xcolor Info: Model `Gray' substituted by `gray' on input line 1371.
Package xcolor Info: Model `wave' substituted by `hsb' on input line 1372.
)) (/usr/local/texlive/2026/texmf-dist/tex/latex/fancyhdr/fancyhdr.sty
Package: fancyhdr 2025/02/07 v5.2 Extensive control of page headers and footers
\f@nch@headwidth=\skip51
\f@nch@offset@elh=\skip52
\f@nch@offset@erh=\skip53
\f@nch@offset@olh=\skip54
\f@nch@offset@orh=\skip55
\f@nch@offset@elf=\skip56
\f@nch@offset@erf=\skip57
\f@nch@offset@olf=\skip58
\f@nch@offset@orf=\skip59
\f@nch@height=\skip60
\f@nch@footalignment=\skip61
\f@nch@widthL=\skip62
\f@nch@widthC=\skip63
\f@nch@widthR=\skip64
\@temptokenb=\toks18
) (/usr/local/texlive/2026/texmf-dist/tex/latex/natbib/natbib.sty
Package: natbib 2010/09/13 8.31b (PWD, AO)
\bibhang=\skip65
\bibsep=\skip66
LaTeX Info: Redefining \cite on input line 694.
\c@NAT@ctr=\count283
) (/usr/local/texlive/2026/texmf-dist/tex/latex/base/fontenc.sty
Package: fontenc 2025/07/18 v2.1d Standard LaTeX package
) (/usr/local/texlive/2026/texmf-dist/tex/latex/lm/lmodern.sty
Package: lmodern 2015/05/01 v1.6.1 Latin Modern Fonts
LaTeX Font Info:    Overwriting symbol font `operators' in version `normal'
(Font)                  OT1/cmr/m/n --> OT1/lmr/m/n on input line 22.
LaTeX Font Info:    Overwriting symbol font `letters' in version `normal'
(Font)                  OML/cmm/m/it --> OML/lmm/m/it on input line 23.
LaTeX Font Info:    Overwriting symbol font `symbols' in version `normal'
(Font)                  OMS/cmsy/m/n --> OMS/lmsy/m/n on input line 24.
LaTeX Font Info:    Overwriting symbol font `largesymbols' in version `normal'
(Font)                  OMX/cmex/m/n --> OMX/lmex/m/n on input line 25.
LaTeX Font Info:    Overwriting symbol font `operators' in version `bold'
(Font)                  OT1/cmr/bx/n --> OT1/lmr/bx/n on input line 26.
LaTeX Font Info:    Overwriting symbol font `letters' in version `bold'
(Font)                  OML/cmm/b/it --> OML/lmm/b/it on input line 27.
LaTeX Font Info:    Overwriting symbol font `symbols' in version `bold'
(Font)                  OMS/cmsy/b/n --> OMS/lmsy/b/n on input line 28.
LaTeX Font Info:    Overwriting symbol font `largesymbols' in version `bold'
(Font)                  OMX/cmex/m/n --> OMX/lmex/m/n on input line 29.
LaTeX Font Info:    Overwriting math alphabet `\mathbf' in version `normal'
(Font)                  OT1/cmr/bx/n --> OT1/lmr/bx/n on input line 31.
LaTeX Font Info:    Overwriting math alphabet `\mathsf' in version `normal'
(Font)                  OT1/cmss/m/n --> OT1/lmss/m/n on input line 32.
LaTeX Font Info:    Overwriting math alphabet `\mathit' in version `normal'
(Font)                  OT1/cmr/m/it --> OT1/lmr/m/it on input line 33.
LaTeX Font Info:    Overwriting math alphabet `\mathtt' in version `normal'
(Font)                  OT1/cmtt/m/n --> OT1/lmtt/m/n on input line 34.
LaTeX Font Info:    Overwriting math alphabet `\mathbf' in version `bold'
(Font)                  OT1/cmr/bx/n --> OT1/lmr/bx/n on input line 35.
LaTeX Font Info:    Overwriting math alphabet `\mathsf' in version `bold'
(Font)                  OT1/cmss/bx/n --> OT1/lmss/bx/n on input line 36.
LaTeX Font Info:    Overwriting math alphabet `\mathit' in version `bold'
(Font)                  OT1/cmr/bx/it --> OT1/lmr/bx/it on input line 37.
LaTeX Font Info:    Overwriting math alphabet `\mathtt' in version `bold'
(Font)                  OT1/cmtt/m/n --> OT1/lmtt/m/n on input line 38.
)
\aftertitskip=\skip67
\beforetitskip=\skip68
\interauthorskip=\skip69
\aftermaketitskip=\skip70
) (./math_commands.tex (/usr/local/texlive/2026/texmf-dist/tex/latex/amsmath/amsmath.sty
Package: amsmath 2025/07/09 v2.17z AMS math features
\@mathmargin=\skip71

For additional information on amsmath, use the `?' option.
(/usr/local/texlive/2026/texmf-dist/tex/latex/amsmath/amstext.sty
Package: amstext 2024/11/17 v2.01 AMS text
 (/usr/local/texlive/2026/texmf-dist/tex/latex/amsmath/amsgen.sty
File: amsgen.sty 1999/11/30 v2.0 generic functions
\@emptytoks=\toks19
\ex@=\dimen151
)) (/usr/local/texlive/2026/texmf-dist/tex/latex/amsmath/amsbsy.sty
Package: amsbsy 1999/11/29 v1.2d Bold Symbols
\pmbraise@=\dimen152
) (/usr/local/texlive/2026/texmf-dist/tex/latex/amsmath/amsopn.sty
Package: amsopn 2022/04/08 v2.04 operator names
)
\inf@bad=\count284
LaTeX Info: Redefining \frac on input line 233.
\uproot@=\count285
\leftroot@=\count286
LaTeX Info: Redefining \overline on input line 398.
LaTeX Info: Redefining \colon on input line 409.
\classnum@=\count287
\DOTSCASE@=\count288
LaTeX Info: Redefining \ldots on input line 495.
LaTeX Info: Redefining \dots on input line 498.
LaTeX Info: Redefining \cdots on input line 619.
\Mathstrutbox@=\box53
\strutbox@=\box54
LaTeX Info: Redefining \big on input line 721.
LaTeX Info: Redefining \Big on input line 722.
LaTeX Info: Redefining \bigg on input line 723.
LaTeX Info: Redefining \Bigg on input line 724.
\big@size=\dimen153
LaTeX Font Info:    Redeclaring font encoding OML on input line 742.
LaTeX Font Info:    Redeclaring font encoding OMS on input line 743.
\macc@depth=\count289
LaTeX Info: Redefining \bmod on input line 904.
LaTeX Info: Redefining \pmod on input line 909.
LaTeX Info: Redefining \smash on input line 939.
LaTeX Info: Redefining \relbar on input line 969.
LaTeX Info: Redefining \Relbar on input line 970.
\c@MaxMatrixCols=\count290
\dotsspace@=\muskip17
\c@parentequation=\count291
\dspbrk@lvl=\count292
\tag@help=\toks20
\row@=\count293
\column@=\count294
\maxfields@=\count295
\andhelp@=\toks21
\eqnshift@=\dimen154
\alignsep@=\dimen155
\tagshift@=\dimen156
\tagwidth@=\dimen157
\totwidth@=\dimen158
\lineht@=\dimen159
\@envbody=\toks22
\multlinegap=\skip72
\multlinetaggap=\skip73
\mathdisplay@stack=\toks23
LaTeX Info: Redefining \[ on input line 2950.
LaTeX Info: Redefining \] on input line 2951.
) (/usr/local/texlive/2026/texmf-dist/tex/latex/amsfonts/amsfonts.sty
Package: amsfonts 2013/01/14 v3.01 Basic AMSFonts support
\symAMSa=\mathgroup4
\symAMSb=\mathgroup5
LaTeX Font Info:    Redeclaring math symbol \hbar on input line 98.
LaTeX Font Info:    Overwriting math alphabet `\mathfrak' in version `bold'
(Font)                  U/euf/m/n --> U/euf/b/n on input line 106.
) (/usr/local/texlive/2026/texmf-dist/tex/latex/tools/bm.sty
Package: bm 2025/10/21 v1.2g Bold Symbol Support (DPC/FMi)
\symboldoperators=\mathgroup6
\symboldletters=\mathgroup7
\symboldsymbols=\mathgroup8
Package bm Info: No bold for \OMX/lmex/m/n, using \pmb.
Package bm Info: No bold for \U/msa/m/n, using \pmb.
Package bm Info: No bold for \U/msb/m/n, using \pmb.
LaTeX Font Info:    Redeclaring math alphabet \mathbf on input line 149.
)
LaTeX Font Info:    Overwriting math alphabet `\mathsfit' in version `bold'
(Font)                  T1/lmss/m/sl --> T1/lmss/bx/n on input line 314.
) (/usr/local/texlive/2026/texmf-dist/tex/latex/hyperref/hyperref.sty
Package: hyperref 2026-01-29 v7.01p Hypertext links for LaTeX
 (/usr/local/texlive/2026/texmf-dist/tex/generic/iftex/iftex.sty
Package: iftex 2024/12/12 v1.0g TeX engine tests
) (/usr/local/texlive/2026/texmf-dist/tex/latex/kvsetkeys/kvsetkeys.sty
Package: kvsetkeys 2022-10-05 v1.19 Key value parser (HO)
) (/usr/local/texlive/2026/texmf-dist/tex/generic/kvdefinekeys/kvdefinekeys.sty
Package: kvdefinekeys 2019-12-19 v1.6 Define keys (HO)
) (/usr/local/texlive/2026/texmf-dist/tex/generic/pdfescape/pdfescape.sty
Package: pdfescape 2019/12/09 v1.15 Implements pdfTeX's escape features (HO)
 (/usr/local/texlive/2026/texmf-dist/tex/generic/ltxcmds/ltxcmds.sty
Package: ltxcmds 2023-12-04 v1.26 LaTeX kernel commands for general use (HO)
) (/usr/local/texlive/2026/texmf-dist/tex/generic/pdftexcmds/pdftexcmds.sty
Package: pdftexcmds 2020-06-27 v0.33 Utility functions of pdfTeX for LuaTeX (HO)
 (/usr/local/texlive/2026/texmf-dist/tex/generic/infwarerr/infwarerr.sty
Package: infwarerr 2019/12/03 v1.5 Providing info/warning/error messages (HO)
)
Package pdftexcmds Info: \pdf@primitive is available.
Package pdftexcmds Info: \pdf@ifprimitive is available.
Package pdftexcmds Info: \pdfdraftmode found.
)) (/usr/local/texlive/2026/texmf-dist/tex/latex/hycolor/hycolor.sty
Package: hycolor 2020-01-27 v1.10 Color options for hyperref/bookmark (HO)
) (/usr/local/texlive/2026/texmf-dist/tex/latex/hyperref/nameref.sty
Package: nameref 2026-01-29 v2.58 Cross-referencing by name of section
 (/usr/local/texlive/2026/texmf-dist/tex/latex/refcount/refcount.sty
Package: refcount 2019/12/15 v3.6 Data extraction from label references (HO)
) (/usr/local/texlive/2026/texmf-dist/tex/generic/gettitlestring/gettitlestring.sty
Package: gettitlestring 2019/12/15 v1.6 Cleanup title references (HO)
 (/usr/local/texlive/2026/texmf-dist/tex/latex/kvoptions/kvoptions.sty
Package: kvoptions 2022-06-15 v3.15 Key value format for package options (HO)
))
\c@section@level=\count296
) (/usr/local/texlive/2026/texmf-dist/tex/latex/etoolbox/etoolbox.sty
Package: etoolbox 2025/10/02 v2.5m e-TeX tools for LaTeX (JAW)
\etb@tempcnta=\count297
) (/usr/local/texlive/2026/texmf-dist/tex/generic/stringenc/stringenc.sty
Package: stringenc 2019/11/29 v1.12 Convert strings between diff. encodings (HO)
)
\@linkdim=\dimen160
\Hy@linkcounter=\count298
\Hy@pagecounter=\count299
 (/usr/local/texlive/2026/texmf-dist/tex/latex/hyperref/pd1enc.def
File: pd1enc.def 2026-01-29 v7.01p Hyperref: PDFDocEncoding definition (HO)
Now handling font encoding PD1 ...
... no UTF-8 mapping file for font encoding PD1
) (/usr/local/texlive/2026/texmf-dist/tex/generic/intcalc/intcalc.sty
Package: intcalc 2019/12/15 v1.3 Expandable calculations with integers (HO)
)
\Hy@SavedSpaceFactor=\count300
 (/usr/local/texlive/2026/texmf-dist/tex/latex/hyperref/puenc.def
File: puenc.def 2026-01-29 v7.01p Hyperref: PDF Unicode definition (HO)
Now handling font encoding PU ...
... no UTF-8 mapping file for font encoding PU
)
Package hyperref Info: Hyper figures OFF on input line 4201.
Package hyperref Info: Link nesting OFF on input line 4206.
Package hyperref Info: Hyper index ON on input line 4209.
Package hyperref Info: Plain pages OFF on input line 4216.
Package hyperref Info: Backreferencing OFF on input line 4221.
Package hyperref Info: Implicit mode ON; LaTeX internals redefined.
Package hyperref Info: Bookmarks ON on input line 4468.
\c@Hy@tempcnt=\count301
 (/usr/local/texlive/2026/texmf-dist/tex/latex/url/url.sty
\Urlmuskip=\muskip18
Package: url 2013/09/16  ver 3.4  Verb mode for urls, etc.
)
LaTeX Info: Redefining \url on input line 4807.
\XeTeXLinkMargin=\dimen161
 (/usr/local/texlive/2026/texmf-dist/tex/generic/bitset/bitset.sty
Package: bitset 2019/12/09 v1.3 Handle bit-vector datatype (HO)
 (/usr/local/texlive/2026/texmf-dist/tex/generic/bigintcalc/bigintcalc.sty
Package: bigintcalc 2019/12/15 v1.5 Expandable calculations on big integers (HO)
))
\Fld@menulength=\count302
\Field@Width=\dimen162
\Fld@charsize=\dimen163
Package hyperref Info: Hyper figures OFF on input line 6084.
Package hyperref Info: Link nesting OFF on input line 6089.
Package hyperref Info: Hyper index ON on input line 6092.
Package hyperref Info: backreferencing OFF on input line 6099.
Package hyperref Info: Link coloring OFF on input line 6104.
Package hyperref Info: Link coloring with OCG OFF on input line 6109.
Package hyperref Info: PDF/A mode OFF on input line 6114.
\Hy@abspage=\count303
\c@Item=\count304
\c@Hfootnote=\count305
)
Package hyperref Info: Driver (autodetected): hpdftex.
 (/usr/local/texlive/2026/texmf-dist/tex/latex/hyperref/hpdftex.def
File: hpdftex.def 2026-01-29 v7.01p Hyperref driver for pdfTeX
\Fld@listcount=\count306
\c@bookmark@seq@number=\count307
 (/usr/local/texlive/2026/texmf-dist/tex/latex/rerunfilecheck/rerunfilecheck.sty
Package: rerunfilecheck 2025-06-21 v1.11 Rerun checks for auxiliary files (HO)
 (/usr/local/texlive/2026/texmf-dist/tex/generic/uniquecounter/uniquecounter.sty
Package: uniquecounter 2019/12/15 v1.4 Provide unlimited unique counter (HO)
)
Package uniquecounter Info: New unique counter `rerunfilecheck' on input line 284.
)
\Hy@SectionHShift=\skip74
) (/usr/local/texlive/2026/texmf-dist/tex/latex/enumitem/enumitem.sty
Package: enumitem 2025/02/06 v3.11 Customized lists
\labelindent=\skip75
\enit@outerparindent=\dimen164
\enit@toks=\toks24
\enit@inbox=\box55
\enit@count@id=\count308
\enitdp@description=\count309
) (/usr/local/texlive/2026/texmf-dist/tex/latex/graphics/graphicx.sty
Package: graphicx 2024/12/31 v1.2e Enhanced LaTeX Graphics (DPC,SPQR)
 (/usr/local/texlive/2026/texmf-dist/tex/latex/graphics/graphics.sty
Package: graphics 2024/08/06 v1.4g Standard LaTeX Graphics (DPC,SPQR)
 (/usr/local/texlive/2026/texmf-dist/tex/latex/graphics/trig.sty
Package: trig 2023/12/02 v1.11 sin cos tan (DPC)
) (/usr/local/texlive/2026/texmf-dist/tex/latex/graphics-cfg/graphics.cfg
File: graphics.cfg 2016/06/04 v1.11 sample graphics configuration
)
Package graphics Info: Driver file: pdftex.def on input line 106.
)
\Gin@req@height=\dimen165
\Gin@req@width=\dimen166
) (/usr/local/texlive/2026/texmf-dist/tex/latex/booktabs/booktabs.sty
Package: booktabs 2020/01/12 v1.61803398 Publication quality tables
\heavyrulewidth=\dimen167
\lightrulewidth=\dimen168
\cmidrulewidth=\dimen169
\belowrulesep=\dimen170
\belowbottomsep=\dimen171
\aboverulesep=\dimen172
\abovetopsep=\dimen173
\cmidrulesep=\dimen174
\cmidrulekern=\dimen175
\defaultaddspace=\dimen176
\@cmidla=\count310
\@cmidlb=\count311
\@aboverulesep=\dimen177
\@belowrulesep=\dimen178
\@thisruleclass=\count312
\@lastruleclass=\count313
\@thisrulewidth=\dimen179
) (/usr/local/texlive/2026/texmf-dist/tex/latex/tools/array.sty
Package: array 2025/09/25 v2.6n Tabular extension package (FMi)
\col@sep=\dimen180
\ar@mcellbox=\box56
\extrarowheight=\dimen181
\NC@list=\toks25
\extratabsurround=\skip76
\backup@length=\skip77
\ar@cellbox=\box57
) (/usr/local/texlive/2026/texmf-dist/tex/latex/caption/caption.sty
Package: caption 2023/08/05 v3.6o Customizing captions (AR)
 (/usr/local/texlive/2026/texmf-dist/tex/latex/caption/caption3.sty
Package: caption3 2023/07/31 v2.4d caption3 kernel (AR)
\caption@tempdima=\dimen182
\captionmargin=\dimen183
\caption@leftmargin=\dimen184
\caption@rightmargin=\dimen185
\caption@width=\dimen186
\caption@indent=\dimen187
\caption@parindent=\dimen188
\caption@hangindent=\dimen189
Package caption Info: Standard document class detected.
)
\c@caption@flags=\count314
\c@continuedfloat=\count315
Package caption Info: hyperref package is loaded.
) (/usr/local/texlive/2026/texmf-dist/tex/latex/multirow/multirow.sty
Package: multirow 2024/11/12 v2.9 Span multiple rows of a table
\multirow@colwidth=\skip78
\multirow@cntb=\count316
\multirow@dima=\skip79
\bigstrutjot=\dimen190
) (/usr/local/texlive/2026/texmf-dist/tex/latex/amscls/amsthm.sty
Package: amsthm 2020/05/29 v2.20.6
\thm@style=\toks26
\thm@bodyfont=\toks27
\thm@headfont=\toks28
\thm@notefont=\toks29
\thm@headpunct=\toks30
\thm@preskip=\skip80
\thm@postskip=\skip81
\thm@headsep=\skip82
\dth@everypar=\toks31
)
\c@theorem=\count317
\c@innercustomthm=\count318
LaTeX Font Info:    Trying to load font information for T1+lmr on input line 77.
 (/usr/local/texlive/2026/texmf-dist/tex/latex/lm/t1lmr.fd
File: t1lmr.fd 2015/05/01 v1.6.1 Font defs for Latin Modern
) (/usr/local/texlive/2026/texmf-dist/tex/latex/l3backend/l3backend-pdftex.def
File: l3backend-pdftex.def 2025-10-09 L3 backend support: PDF output (pdfTeX)
\l__color_backend_stack_int=\count319
) (./main.aux)
\openout1 = `main.aux'.

LaTeX Font Info:    Checking defaults for OML/cmm/m/it on input line 77.
LaTeX Font Info:    ... okay on input line 77.
LaTeX Font Info:    Checking defaults for OMS/cmsy/m/n on input line 77.
LaTeX Font Info:    ... okay on input line 77.
LaTeX Font Info:    Checking defaults for OT1/cmr/m/n on input line 77.
LaTeX Font Info:    ... okay on input line 77.
LaTeX Font Info:    Checking defaults for T1/cmr/m/n on input line 77.
LaTeX Font Info:    ... okay on input line 77.
LaTeX Font Info:    Checking defaults for TS1/cmr/m/n on input line 77.
LaTeX Font Info:    ... okay on input line 77.
LaTeX Font Info:    Checking defaults for OMX/cmex/m/n on input line 77.
LaTeX Font Info:    ... okay on input line 77.
LaTeX Font Info:    Checking defaults for U/cmr/m/n on input line 77.
LaTeX Font Info:    ... okay on input line 77.
LaTeX Font Info:    Checking defaults for PD1/pdf/m/n on input line 77.
LaTeX Font Info:    ... okay on input line 77.
LaTeX Font Info:    Checking defaults for PU/pdf/m/n on input line 77.
LaTeX Font Info:    ... okay on input line 77.
 (/usr/local/texlive/2026/texmf-dist/tex/context/base/mkii/supp-pdf.mkii
[Loading MPS to PDF converter (version 2006.09.02).]
\scratchcounter=\count320
\scratchdimen=\dimen191
\scratchbox=\box58
\nofMPsegments=\count321
\nofMParguments=\count322
\everyMPshowfont=\toks32
\MPscratchCnt=\count323
\MPscratchDim=\dimen192
\MPnumerator=\count324
\makeMPintoPDFobject=\count325
\everyMPtoPDFconversion=\toks33
) (/usr/local/texlive/2026/texmf-dist/tex/latex/epstopdf-pkg/epstopdf-base.sty
Package: epstopdf-base 2020-01-24 v2.11 Base part for package epstopdf
Package epstopdf-base Info: Redefining graphics rule for `.eps' on input line 485.
 (/usr/local/texlive/2026/texmf-dist/tex/latex/latexconfig/epstopdf-sys.cfg
File: epstopdf-sys.cfg 2010/07/13 v1.3 Configuration of (r)epstopdf for TeX Live
))
Package hyperref Info: Link coloring OFF on input line 77.
 (./main.out) (./main.out)
\@outlinefile=\write3
\openout3 = `main.out'.

Package caption Info: Begin \AtBeginDocument code.
Package caption Info: End \AtBeginDocument code.
LaTeX Font Info:    Trying to load font information for T1+lmss on input line 81.
 (/usr/local/texlive/2026/texmf-dist/tex/latex/lm/t1lmss.fd
File: t1lmss.fd 2015/05/01 v1.6.1 Font defs for Latin Modern
)
LaTeX Font Info:    Trying to load font information for T1+lmtt on input line 81.
 (/usr/local/texlive/2026/texmf-dist/tex/latex/lm/t1lmtt.fd
File: t1lmtt.fd 2015/05/01 v1.6.1 Font defs for Latin Modern
)
LaTeX Font Info:    Trying to load font information for OT1+lmr on input line 81.
 (/usr/local/texlive/2026/texmf-dist/tex/latex/lm/ot1lmr.fd
File: ot1lmr.fd 2015/05/01 v1.6.1 Font defs for Latin Modern
)
LaTeX Font Info:    Trying to load font information for OML+lmm on input line 81.
 (/usr/local/texlive/2026/texmf-dist/tex/latex/lm/omllmm.fd
File: omllmm.fd 2015/05/01 v1.6.1 Font defs for Latin Modern
)
LaTeX Font Info:    Trying to load font information for OMS+lmsy on input line 81.
 (/usr/local/texlive/2026/texmf-dist/tex/latex/lm/omslmsy.fd
File: omslmsy.fd 2015/05/01 v1.6.1 Font defs for Latin Modern
)
LaTeX Font Info:    Trying to load font information for OMX+lmex on input line 81.
 (/usr/local/texlive/2026/texmf-dist/tex/latex/lm/omxlmex.fd
File: omxlmex.fd 2015/05/01 v1.6.1 Font defs for Latin Modern
)
LaTeX Font Info:    External font `lmex10' loaded for size
(Font)              <9> on input line 81.
LaTeX Font Info:    External font `lmex10' loaded for size
(Font)              <6> on input line 81.
LaTeX Font Info:    External font `lmex10' loaded for size
(Font)              <5> on input line 81.
LaTeX Font Info:    Trying to load font information for U+msa on input line 81.
 (/usr/local/texlive/2026/texmf-dist/tex/latex/amsfonts/umsa.fd
File: umsa.fd 2013/01/14 v3.01 AMS symbols A
)
LaTeX Font Info:    Trying to load font information for U+msb on input line 81.
 (/usr/local/texlive/2026/texmf-dist/tex/latex/amsfonts/umsb.fd
File: umsb.fd 2013/01/14 v3.01 AMS symbols B
)
Underfull \hbox (badness 10000) in paragraph at lines 81--81

 []

(./abstract.tex
LaTeX Font Info:    External font `lmex10' loaded for size
(Font)              <10> on input line 9.
LaTeX Font Info:    External font `lmex10' loaded for size
(Font)              <7> on input line 9.
) (./intro.tex [1{/usr/local/texlive/2026/texmf-var/fonts/map/pdftex/updmap/pdftex.map}{/usr/local/texlive/2026/texmf-dist/fonts/enc/dvips/lm/lm-ec.enc}

] [2{/usr/local/texlive/2026/texmf-dist/fonts/enc/dvips/lm/lm-mathit.enc}{/usr/local/texlive/2026/texmf-dist/fonts/enc/dvips/lm/lm-rm.enc}{/usr/local/texlive/2026/texmf-dist/fonts/enc/dvips/lm/lm-mathsy.enc}{/usr/local/texlive/2026/texmf-dist/fonts/enc/dvips/lm/lm-mathex.enc}]) (./related.tex [3]
Underfull \vbox (badness 10000) has occurred while \output is active []

 [4]) (./formulation.tex [5]) (./method.tex
LaTeX Font Info:    Trying to load font information for TS1+lmr on input line 6.
 (/usr/local/texlive/2026/texmf-dist/tex/latex/lm/ts1lmr.fd
File: ts1lmr.fd 2015/05/01 v1.6.1 Font defs for Latin Modern
) [6]
<concept.png, id=335, 1117.17375pt x 539.01375pt>
File: concept.png Graphic file (type png)
<use concept.png>
Package pdftex.def Info: concept.png  used on input line 21.
(pdftex.def)             Requested size: 446.2658pt x 215.31381pt.
 [7{/usr/local/texlive/2026/texmf-dist/fonts/enc/dvips/lm/lm-ts1.enc} <./concept.png>] [8] [9]) (./theory.tex [10] [11] [12]) (./evaluation.tex [13]
Underfull \vbox (badness 10000) has occurred while \output is active []

 [14]
Underfull \vbox (badness 10000) has occurred while \output is active []

 [15] [16] [17] [18] [19] [20]) (./discussion.tex [21]
Underfull \vbox (badness 10000) has occurred while \output is active []

 [22]) (./main.bbl [23] [24] [25]) (./appendix.tex
Underfull \hbox (badness 2662) in paragraph at lines 17--18
\T1/lmr/m/n/10 All meth-ods are trained and eval-u-ated on the same sparse ob-ser-va-tion ar-rays and the same
 []


Underfull \hbox (badness 10000) in paragraph at lines 103--103
[]|\T1/lmr/m/n/7 Masking and con-text
 []


Underfull \hbox (badness 10000) in paragraph at lines 103--103
[]|\T1/lmr/m/n/7 Query-specific lo-cal
 []


Underfull \hbox (badness 10000) in paragraph at lines 103--103
\T1/lmr/m/n/7 sensor-time con-text:
 []


Underfull \hbox (badness 10000) in paragraph at lines 103--103
\T1/lmr/m/n/7 val-ues, and learned
 []


Underfull \hbox (badness 7012) in paragraph at lines 103--103
\T1/lmr/m/n/7 tu-ples, with op-tional
 []


Underfull \hbox (badness 10000) in paragraph at lines 103--103
\T1/lmr/m/n/7 PDE and bound-ary
 []


Underfull \hbox (badness 1478) in paragraph at lines 103--103
\T1/lmr/m/n/7 dexer re-stricts con-text
 []


Underfull \hbox (badness 10000) in paragraph at lines 103--103
\T1/lmr/m/n/7 com-mon sparse
 []


Underfull \hbox (badness 10000) in paragraph at lines 103--103
\T1/lmr/m/n/7 RMSE/MAE eval-
 []


Underfull \hbox (badness 10000) in paragraph at lines 103--103
\T1/lmr/m/n/7 u-a-tor, with dense
 []


Underfull \hbox (badness 10000) in paragraph at lines 103--103
\T1/lmr/m/n/7 syn-thetic eval-u-a-tion
 []


Underfull \hbox (badness 10000) in paragraph at lines 103--103
[]|\T1/lmr/m/n/7 Number of neigh-
 []


Underfull \hbox (badness 10000) in paragraph at lines 103--103
\T1/lmr/m/n/7 bors, tem-po-ral ra-
 []


Underfull \hbox (badness 10000) in paragraph at lines 103--103
\T1/lmr/m/n/7 dius, trans-former
 []


Underfull \hbox (badness 10000) in paragraph at lines 103--103
\T1/lmr/m/n/7 width/heads/layers,
 []


Underfull \hbox (badness 10000) in paragraph at lines 103--103
\T1/lmr/m/n/7 learn-ing rate, and
 []


Underfull \hbox (badness 10000) in paragraph at lines 103--103
[]|\T1/lmr/m/n/7 Mesh-free co-or-di-nate
 []


Underfull \hbox (badness 10000) in paragraph at lines 103--103
[]|\T1/lmr/m/n/7 Coordinate triples
 []


Underfull \hbox (badness 10000) in paragraph at lines 103--103
\OT1/lmr/m/n/7 (\OML/lmm/m/it/7 x; y; t\OT1/lmr/m/n/7 )$ \T1/lmr/m/n/7 en-coded with
 []


Underfull \hbox (badness 4391) in paragraph at lines 103--103
[]|\T1/lmr/m/n/7 Masked MSE on ob-
 []


Underfull \hbox (badness 10000) in paragraph at lines 103--103
[]|\T1/lmr/m/n/7 Train/val/test
 []


Underfull \hbox (badness 1048) in paragraph at lines 103--103
\T1/lmr/m/n/7 com-mon RMSE/MAE
 []


Underfull \hbox (badness 10000) in paragraph at lines 103--103
[]|\T1/lmr/m/n/7 Network width/depth,
 []


Underfull \hbox (badness 10000) in paragraph at lines 103--103
\T1/lmr/m/n/7 Fourier fre-quency
 []


Underfull \hbox (badness 7796) in paragraph at lines 103--103
\T1/lmr/m/n/7 bands, learn-ing rate,
 []


Underfull \hbox (badness 1527) in paragraph at lines 103--103
\T1/lmr/m/n/7 tional value/coordinate
 []


Underfull \hbox (badness 10000) in paragraph at lines 103--103
[]|\T1/lmr/m/n/7 Direct con-tin-u-ous
 []


Underfull \hbox (badness 10000) in paragraph at lines 103--103
\T1/lmr/m/n/7 co-or-di-nate func-tion
 []


Underfull \hbox (badness 10000) in paragraph at lines 103--103
[]|\T1/lmr/m/n/7 Fourier-MLP
 []


Underfull \hbox (badness 4391) in paragraph at lines 103--103
[]|\T1/lmr/m/n/7 Masked MSE on ob-
 []


Underfull \hbox (badness 10000) in paragraph at lines 103--103
[]|\T1/lmr/m/n/7 Five in-de-pen-dently
 []


Underfull \hbox (badness 10000) in paragraph at lines 103--103
\T1/lmr/m/n/7 seeded data-only
 []


Underfull \hbox (badness 10000) in paragraph at lines 103--103
\T1/lmr/m/n/7 Fourier-MLP mem-
 []


Underfull \hbox (badness 1975) in paragraph at lines 103--103
\T1/lmr/m/n/7 bers trained with the
 []


Underfull \hbox (badness 7613) in paragraph at lines 103--103
\T1/lmr/m/n/7 same split seed and
 []


Underfull \hbox (badness 10000) in paragraph at lines 103--103
[]|\T1/lmr/m/n/7 Each mem-ber uses
 []


Underfull \hbox (badness 10000) in paragraph at lines 103--103
\T1/lmr/m/n/7 check-point-ing; the
 []


Underfull \hbox (badness 10000) in paragraph at lines 103--103
\T1/lmr/m/n/7 en-sem-ble mean is
 []


Underfull \hbox (badness 10000) in paragraph at lines 103--103
\T1/lmr/m/n/7 RMSE/MAE eval-u-a-
 []


Underfull \hbox (badness 1082) in paragraph at lines 103--103
\T1/lmr/m/n/7 pa-ram-e-ters as Fourier-
 []


Underfull \hbox (badness 10000) in paragraph at lines 103--103
[]|\T1/lmr/m/n/7 Coordinate triples
 []


Underfull \hbox (badness 3058) in paragraph at lines 103--103
\OT1/lmr/m/n/7 (\OML/lmm/m/it/7 x; y; t\OT1/lmr/m/n/7 )$ \T1/lmr/m/n/7 passed through
 []


Underfull \hbox (badness 4391) in paragraph at lines 103--103
[]|\T1/lmr/m/n/7 Masked MSE on ob-
 []


Underfull \hbox (badness 10000) in paragraph at lines 103--103
[]|\T1/lmr/m/n/7 Train/val/test
 []


Underfull \hbox (badness 1048) in paragraph at lines 103--103
\T1/lmr/m/n/7 com-mon RMSE/MAE
 []


Underfull \hbox (badness 10000) in paragraph at lines 103--103
[]|\T1/lmr/m/n/7 Network width/depth,
 []


Underfull \hbox (badness 10000) in paragraph at lines 103--103
\T1/lmr/m/n/7 si-nu-soidal fre-quency
 []


Underfull \hbox (badness 10000) in paragraph at lines 103--103
\T1/lmr/m/n/7 pa-ram-e-ters, learn-ing
 []


Underfull \hbox (badness 10000) in paragraph at lines 103--103
[]|\T1/lmr/m/n/7 Direct con-tin-u-ous
 []


Underfull \hbox (badness 10000) in paragraph at lines 103--103
\T1/lmr/m/n/7 co-or-di-nate func-tion
 []


Underfull \hbox (badness 10000) in paragraph at lines 103--103
[]|\T1/lmr/m/n/7 Fourier-MLP-
 []


Underfull \hbox (badness 10000) in paragraph at lines 103--103
[]|\T1/lmr/m/n/7 Same co-or-di-nate rep-
 []


Underfull \hbox (badness 2318) in paragraph at lines 103--103
\T1/lmr/m/n/7 re-sen-ta-tion as the cor-
 []


Underfull \hbox (badness 4765) in paragraph at lines 103--103
\T1/lmr/m/n/7 re-spond-ing neu-ral field
 []


Underfull \hbox (badness 10000) in paragraph at lines 103--103
[]|\T1/lmr/m/n/7 Masked sen-sor MSE
 []


Underfull \hbox (badness 10000) in paragraph at lines 103--103
\T1/lmr/m/n/7 plus synthetic-dataset
 []


Underfull \hbox (badness 10000) in paragraph at lines 103--103
\T1/lmr/m/n/7 physics resid-ual and
 []


Underfull \hbox (badness 10000) in paragraph at lines 103--103
\T1/lmr/m/n/7 bound-ary/radiation
 []


Underfull \hbox (badness 10000) in paragraph at lines 103--103
[]|\T1/lmr/m/n/7 Same observed-index
 []


Underfull \hbox (badness 6078) in paragraph at lines 103--103
\T1/lmr/m/n/7 on sparse val-i-da-tion
 []


Underfull \hbox (badness 10000) in paragraph at lines 103--103
\T1/lmr/m/n/7 RMSE/MAE eval-u-a-
 []


Underfull \hbox (badness 10000) in paragraph at lines 103--103
[]|\T1/lmr/m/n/7 Neural-field hy-per-pa-
 []


Underfull \hbox (badness 10000) in paragraph at lines 103--103
\T1/lmr/m/n/7 radiation-loss weights
 []


Underfull \hbox (badness 10000) in paragraph at lines 103--103
[]|\T1/lmr/m/n/7 Direct con-tin-u-ous
 []


Underfull \hbox (badness 10000) in paragraph at lines 103--103
\T1/lmr/m/n/7 co-or-di-nate func-tion;
 []


Underfull \hbox (badness 10000) in paragraph at lines 103--103
\T1/lmr/m/n/7 physics terms only
 []


Underfull \hbox (badness 10000) in paragraph at lines 103--103
[]|\T1/lmr/m/n/7 Normalized co-or-di-nate
 []


Underfull \hbox (badness 10000) in paragraph at lines 103--103
\T1/lmr/m/n/7 triples with in-duc-ing
 []


Underfull \hbox (badness 10000) in paragraph at lines 103--103
\T1/lmr/m/n/7 points and dataset-
 []


Underfull \hbox (badness 10000) in paragraph at lines 103--103
[]|\T1/lmr/m/n/7 Same observed-index
 []


Underfull \hbox (badness 7504) in paragraph at lines 103--103
\T1/lmr/m/n/7 split; mul-ti-task runs
 []


Underfull \hbox (badness 2970) in paragraph at lines 103--103
\T1/lmr/m/n/7 re-quire valid ob-served
 []


Underfull \hbox (badness 10000) in paragraph at lines 103--103
\T1/lmr/m/n/7 com-puted from the
 []


Underfull \hbox (badness 10000) in paragraph at lines 103--103
\T1/lmr/m/n/7 pos-te-rior pre-dic-
 []


Underfull \hbox (badness 4699) in paragraph at lines 103--103
\T1/lmr/m/n/7 tive mean; com-mon
 []


Underfull \hbox (badness 10000) in paragraph at lines 103--103
\T1/lmr/m/n/7 point-prediction
 []


Underfull \hbox (badness 10000) in paragraph at lines 103--103
\T1/lmr/m/n/7 RMSE/MAE eval-u-a-
 []


Underfull \hbox (badness 10000) in paragraph at lines 103--103
[]|\T1/lmr/m/n/7 Number of in-duc-ing
 []


Underfull \hbox (badness 4266) in paragraph at lines 103--103
\T1/lmr/m/n/7 points, ker-nel length-
 []


Underfull \hbox (badness 10000) in paragraph at lines 103--103
\T1/lmr/m/n/7 scales/output scale,
 []


Underfull \hbox (badness 1859) in paragraph at lines 103--103
\T1/lmr/m/n/7 ing rates, and weight
 []


Underfull \hbox (badness 10000) in paragraph at lines 103--103
[]|\T1/lmr/m/n/7 Probabilistic co-or-di-
 []


Underfull \hbox (badness 1137) in paragraph at lines 103--103
[]|\T1/lmr/m/n/7 Masked MSE at held-
 []


Underfull \hbox (badness 3646) in paragraph at lines 103--103
[]|\T1/lmr/m/n/7 Context grid is built
 []


Underfull \hbox (badness 1881) in paragraph at lines 103--103
\T1/lmr/m/n/7 the in-put grid dur-ing
 []


Underfull \hbox (badness 8019) in paragraph at lines 103--103
\T1/lmr/m/n/7 com-mon sparse and
 []


Underfull \hbox (badness 10000) in paragraph at lines 103--103
\T1/lmr/m/n/7 syn-thetic full-field
 []


Underfull \hbox (badness 10000) in paragraph at lines 103--103
\T1/lmr/m/n/7 RMSE/MAE eval-u-a-
 []


Underfull \hbox (badness 5637) in paragraph at lines 103--103
[]|\T1/lmr/m/n/7 Fourier modes, chan-
 []


Underfull \hbox (badness 10000) in paragraph at lines 103--103
[]|\T1/lmr/m/n/7 Fixed sensor-node by
 []


Underfull \hbox (badness 2012) in paragraph at lines 103--103
[]|\T1/lmr/m/n/7 Masked MSE on ran-
 []


Underfull \hbox (badness 10000) in paragraph at lines 103--103
\T1/lmr/m/n/7 u-a-tion con-di-tions on
 []


Underfull \hbox (badness 10000) in paragraph at lines 103--103
\T1/lmr/m/n/7 train-ing en-tries only.
 []


Underfull \hbox (badness 1596) in paragraph at lines 103--103
\T1/lmr/m/n/7 The model as-sumes a
 []


Underfull \hbox (badness 10000) in paragraph at lines 103--103
\T1/lmr/m/n/7 over held-out en-
 []


Underfull \hbox (badness 10000) in paragraph at lines 103--103
\T1/lmr/m/n/7 tries/windows; com-
 []


Underfull \hbox (badness 10000) in paragraph at lines 103--103
\T1/lmr/m/n/7 mon RMSE/MAE
 []


Underfull \hbox (badness 7963) in paragraph at lines 103--103
[]|\T1/lmr/m/n/7 Window length/stride,
 []


Underfull \hbox (badness 5970) in paragraph at lines 103--103
\T1/lmr/m/n/7 bed-ding sizes, lay-ers,
 []


Underfull \hbox (badness 4316) in paragraph at lines 103--103
\T1/lmr/m/n/7 and are mapped to
 []


Underfull \hbox (badness 10000) in paragraph at lines 103--103
[]|\T1/lmr/m/n/7 Sensor-set to-kens con-
 []


Underfull \hbox (badness 10000) in paragraph at lines 103--103
\T1/lmr/m/n/7 tain-ing nor-mal-ized
 []


Underfull \hbox (badness 10000) in paragraph at lines 103--103
[]|\T1/lmr/m/n/7 Sensor to-kens are
 []


Underfull \hbox (badness 10000) in paragraph at lines 103--103
\T1/lmr/m/n/7 formed from train-ing
 []


Underfull \hbox (badness 1048) in paragraph at lines 103--103
\T1/lmr/m/n/7 com-mon RMSE/MAE
 []


Underfull \hbox (badness 10000) in paragraph at lines 103--103
[]|\T1/lmr/m/n/7 Number of la-tents,
 []


Underfull \hbox (badness 10000) in paragraph at lines 103--103
\T1/lmr/m/n/7 at-ten-tion lay-ers and
 []


Underfull \hbox (badness 10000) in paragraph at lines 103--103
\T1/lmr/m/n/7 heads, learn-ing rate,
 []


Underfull \hbox (badness 10000) in paragraph at lines 103--103
\T1/lmr/m/n/7 weight de-cay, and
 []


Underfull \hbox (badness 10000) in paragraph at lines 103--103
[]|\T1/lmr/m/n/7 Global sensor-set
 []


Underfull \hbox (badness 10000) in paragraph at lines 103--103
\T1/lmr/m/n/7 en-coder with query
 []


Underfull \hbox (badness 10000) in paragraph at lines 103--103
\T1/lmr/m/n/7 de-coder; sup-ports
 []


Underfull \hbox (badness 10000) in paragraph at lines 103--103
\T1/lmr/m/n/7 co-or-di-nate queries
 []


Underfull \hbox (badness 2158) in paragraph at lines 103--103
\T1/lmr/m/n/7 and a glob-ally com-
 []

[26] [27] [28] [29] [30] [31] [32]) [33] (./main.aux)
 ***********
LaTeX2e <2025-11-01>
L3 programming layer <2026-01-19>
 ***********
Package rerunfilecheck Info: File `main.out' has not changed.
(rerunfilecheck)             Checksum: A995AA4C90AA60326314C46F22B26B74;5565.
 ) 
Here is how much of TeX's memory you used:
 14000 strings out of 467525
 216966 string characters out of 5418982
 687149 words of memory out of 5000000
 42509 multiletter control sequences out of 15000+600000
 714544 words of font info for 100 fonts, out of 8000000 for 9000
 1141 hyphenation exceptions out of 8191
 75i,13n,90p,1439b,645s stack positions out of 10000i,1000n,20000p,200000b,200000s
</usr/local/texlive/2026/texmf-dist/fonts/type1/public/lm/lmbx10.pfb></usr/local/texlive/2026/texmf-dist/fonts/type1/public/lm/lmbx7.pfb></usr/local/texlive/2026/texmf-dist/fonts/type1/public/lm/lmbx9.pfb></usr/local/texlive/2026/texmf-dist/fonts/type1/public/lm/lmex10.pfb></usr/local/texlive/2026/texmf-dist/fonts/type1/public/lm/lmmi10.pfb></usr/local/texlive/2026/texmf-dist/fonts/type1/public/lm/lmmi5.pfb></usr/local/texlive/2026/texmf-dist/fonts/type1/public/lm/lmmi7.pfb></usr/local/texlive/2026/texmf-dist/fonts/type1/public/lm/lmmib10.pfb></usr/local/texlive/2026/texmf-dist/fonts/type1/public/lm/lmr10.pfb></usr/local/texlive/2026/texmf-dist/fonts/type1/public/lm/lmr5.pfb></usr/local/texlive/2026/texmf-dist/fonts/type1/public/lm/lmr7.pfb></usr/local/texlive/2026/texmf-dist/fonts/type1/public/lm/lmr9.pfb></usr/local/texlive/2026/texmf-dist/fonts/type1/public/lm/lmri10.pfb></usr/local/texlive/2026/texmf-dist/fonts/type1/public/lm/lmri9.pfb></usr/local/texlive/2026/texmf-dist/fonts/type1/public/lm/lmssbx10.pfb></usr/local/texlive/2026/texmf-dist/fonts/type1/public/lm/lmsy10.pfb></usr/local/texlive/2026/texmf-dist/fonts/type1/public/lm/lmsy5.pfb></usr/local/texlive/2026/texmf-dist/fonts/type1/public/lm/lmsy7.pfb></usr/local/texlive/2026/texmf-dist/fonts/type1/public/lm/lmtt10.pfb></usr/local/texlive/2026/texmf-dist/fonts/type1/public/lm/lmtti10.pfb></usr/local/texlive/2026/texmf-dist/fonts/type1/public/amsfonts/symbols/msbm10.pfb>
Output written on main.pdf (33 pages, 685031 bytes).
PDF statistics:
 718 PDF objects out of 1000 (max. 8388607)
 628 compressed objects within 7 object streams
 155 named destinations out of 1000 (max. 500000)
 262 words of extra memory for PDF output out of 10000 (max. 10000000)

